// Jest Snapshot v1, https://goo.gl/fbAQLP

exports[`returns set 1`] = `[Function]`;

exports[`set updates state at path 1`] = `
Object {
  "isThrow": false,
  "value": Immutable.Map {
    "user": Immutable.Map {
      "name": "new name",
    },
  },
}
`;
